d:\github\tomcat_engine\bin\-windows-x86_64\tomcat\tomcat.pdb
d:\github\tomcat_engine\bin\-windows-x86_64\tomcat\tomcat.idb
d:\github\tomcat_engine\bin-int\-windows-x86_64\tomcat\debug\opengltexture.obj
d:\github\tomcat_engine\bin-int\-windows-x86_64\tomcat\debug\openglshader.obj
d:\github\tomcat_engine\bin-int\-windows-x86_64\tomcat\debug\openglrendererapi.obj
d:\github\tomcat_engine\bin-int\-windows-x86_64\tomcat\debug\openglcontext.obj
d:\github\tomcat_engine\bin-int\-windows-x86_64\tomcat\debug\openglbuffer.obj
d:\github\tomcat_engine\bin-int\-windows-x86_64\tomcat\debug\vertexarray.obj
d:\github\tomcat_engine\bin-int\-windows-x86_64\tomcat\debug\texture.obj
d:\github\tomcat_engine\bin-int\-windows-x86_64\tomcat\debug\shader.obj
d:\github\tomcat_engine\bin-int\-windows-x86_64\tomcat\debug\rendererapi.obj
d:\github\tomcat_engine\bin-int\-windows-x86_64\tomcat\debug\renderer.obj
d:\github\tomcat_engine\bin-int\-windows-x86_64\tomcat\debug\rendercommand.obj
d:\github\tomcat_engine\bin-int\-windows-x86_64\tomcat\debug\orthographiccameracontroller.obj
d:\github\tomcat_engine\bin-int\-windows-x86_64\tomcat\debug\orthographiccamera.obj
d:\github\tomcat_engine\bin-int\-windows-x86_64\tomcat\debug\buffer.obj
d:\github\tomcat_engine\bin-int\-windows-x86_64\tomcat\debug\imguilayer.obj
d:\github\tomcat_engine\bin-int\-windows-x86_64\tomcat\debug\imguibuild.obj
d:\github\tomcat_engine\bin-int\-windows-x86_64\tomcat\debug\log.obj
d:\github\tomcat_engine\bin-int\-windows-x86_64\tomcat\debug\layerstack.obj
d:\github\tomcat_engine\bin-int\-windows-x86_64\tomcat\debug\layer.obj
d:\github\tomcat_engine\bin-int\-windows-x86_64\tomcat\debug\application.obj
d:\github\tomcat_engine\bin-int\-windows-x86_64\tomcat\debug\stb_image.obj
d:\github\tomcat_engine\bin-int\-windows-x86_64\tomcat\debug\windowswindow.obj
d:\github\tomcat_engine\bin-int\-windows-x86_64\tomcat\debug\windowsinput.obj
d:\github\tomcat_engine\bin-int\-windows-x86_64\tomcat\debug\openglvertexarray.obj
d:\github\tomcat_engine\bin-int\-windows-x86_64\tomcat\debug\renderer2d.obj
d:\github\tomcat_engine\bin-int\-windows-x86_64\tomcat\debug\graphicscontext.obj
d:\github\tomcat_engine\bin-int\-windows-x86_64\tomcat\debug\tomcat.pch
d:\github\tomcat_engine\bin-int\-windows-x86_64\tomcat\debug\tcpch.obj
d:\github\tomcat_engine\bin\-windows-x86_64\tomcat\tomcat.lib
d:\github\tomcat_engine\tomcat\..\bin\-windows-x86_64\tomcat\tomcat.pdb
d:\github\tomcat_engine\tomcat\..\bin-int\-windows-x86_64\tomcat\debug\tomcat.vcxproj.filelistabsolute.txt
d:\github\tomcat_engine\bin-int\-windows-x86_64\tomcat\debug\tomcat.tlog\cl.command.1.tlog
d:\github\tomcat_engine\bin-int\-windows-x86_64\tomcat\debug\tomcat.tlog\cl.items.tlog
d:\github\tomcat_engine\bin-int\-windows-x86_64\tomcat\debug\tomcat.tlog\cl.read.1.tlog
d:\github\tomcat_engine\bin-int\-windows-x86_64\tomcat\debug\tomcat.tlog\cl.write.1.tlog
d:\github\tomcat_engine\bin-int\-windows-x86_64\tomcat\debug\tomcat.tlog\lib-link.read.1.tlog
d:\github\tomcat_engine\bin-int\-windows-x86_64\tomcat\debug\tomcat.tlog\lib-link.write.1.tlog
d:\github\tomcat_engine\bin-int\-windows-x86_64\tomcat\debug\tomcat.tlog\lib.command.1.tlog
