  imgui.cpp
D:\github\Code-Engine\TomCat\vendor\ImGui\imgui.h(74,9): warning C4005: “IMGUI_VERSION”: 宏重定义
  (编译源文件“imgui.cpp”)
      D:\github\Code-Engine\TomCat\vendor\ImGui\imgui.h(25,9):
      参见“IMGUI_VERSION”的前一个定义
  
D:\github\Code-Engine\TomCat\vendor\ImGui\imgui.h(75,9): warning C4005: “IMGUI_VERSION_NUM”: 宏重定义
  (编译源文件“imgui.cpp”)
      D:\github\Code-Engine\TomCat\vendor\ImGui\imgui.h(26,9):
      参见“IMGUI_VERSION_NUM”的前一个定义
  
  imgui_widgets.cpp
D:\github\Code-Engine\TomCat\vendor\ImGui\imgui.h(74,9): warning C4005: “IMGUI_VERSION”: 宏重定义
  (编译源文件“imgui_widgets.cpp”)
      D:\github\Code-Engine\TomCat\vendor\ImGui\imgui.h(25,9):
      参见“IMGUI_VERSION”的前一个定义
  
D:\github\Code-Engine\TomCat\vendor\ImGui\imgui.h(75,9): warning C4005: “IMGUI_VERSION_NUM”: 宏重定义
  (编译源文件“imgui_widgets.cpp”)
      D:\github\Code-Engine\TomCat\vendor\ImGui\imgui.h(26,9):
      参见“IMGUI_VERSION_NUM”的前一个定义
  
  正在生成代码...
  ImGui.vcxproj -> D:\github\Code-Engine\TomCat\vendor\ImGui\bin\-windows-x86_64\ImGui\ImGui.lib
